NewClient/src/pcopy.com.asm line 500: Duplicate label: INCLUDE
NewClient/src/pcopy.com.asm line 501: Duplicate label: INCLUDE
NewClient/src/pcopy.com.asm line 502: Duplicate label: INCLUDE
NewClient/src/pcopy.com.asm line 503: Duplicate label: INCLUDE
001   0000             ;|===========================================================================|
002   0000             ;|                                                                           |
003   0000             ;| MSXPi Interface                                                           |
004   0000             ;|                                                                           |
005   0000             ;| Version : 0.8                                                             |
006   0000             ;|                                                                           |
007   0000             ;| Copyright (c) 2015-2016 Ronivon Candido Costa (ronivon@outlook.com)       |
008   0000             ;|                                                                           |
009   0000             ;| All rights reserved                                                       |
010   0000             ;|                                                                           |
011   0000             ;| Redistribution and use in source and compiled forms, with or without      |
012   0000             ;| modification, are permitted under GPL license.                            |
013   0000             ;|                                                                           |
014   0000             ;|===========================================================================|
015   0000             ;|                                                                           |
016   0000             ;| This file is part of MSXPi Interface project.                             |
017   0000             ;|                                                                           |
018   0000             ;| MSX PI Interface is free software: you can redistribute it and/or modify  |
019   0000             ;| it under the terms of the GNU General Public License as published by      |
020   0000             ;| the Free Software Foundation, either version 3 of the License, or         |
021   0000             ;| (at your option) any later version.                                       |
022   0000             ;|                                                                           |
023   0000             ;| MSX PI Interface is distributed in the hope that it will be useful,       |
024   0000             ;| but WITHOUT ANY WARRANTY; without even the implied warranty of            |
025   0000             ;| MERCHANTABILITY or FITNESS FOR A PARTICULAR PURPOSE.  See the             |
026   0000             ;| GNU General Public License for more details.                              |
027   0000             ;|                                                                           |
028   0000             ;| You should have received a copy of the GNU General Public License         |
029   0000             ;| along with MSX PI Interface.  If not, see <http://www.gnu.org/licenses/>. |
030   0000             ;|===========================================================================|
031   0000             ;
032   0000             ; File history :
033   0000             ; 0.1    : Initial version.
034   0000             
035   0000             DSKNUMREGISTERS:   EQU 8192
036   0000             DSKBLOCKSIZE:   EQU 1
037   0000             
038   0000                     ORG     $0100
039   0100             
040   0100 01 05 00            LD      BC,5
041   0103 11 1B 03            LD      DE,PCOPYCMD
NewClient/src/pcopy.com.asm line 42: Label not found: DOSSENDPICMD
042   0106 CD 00 00            CALL    DOSSENDPICMD
043   0109 38 58               JR      C,PRINTPIERR
044   010B             
045   010B             ; SYNC TO RECEIVE FILENAME
NewClient/src/pcopy.com.asm line 46: Label not found: SENDNEXT
046   010B 3E 00               LD      A,SENDNEXT
NewClient/src/pcopy.com.asm line 47: Label not found: PIEXCHANGEBYTE
047   010D CD 00 00            CALL    PIEXCHANGEBYTE
NewClient/src/pcopy.com.asm line 48: Label not found: RC_FAILED
048   0110 FE 00               CP      RC_FAILED
049   0112 28 46               JR      Z,EXITSTDOUT
NewClient/src/pcopy.com.asm line 50: Label not found: SENDNEXT
050   0114 FE 00               CP      SENDNEXT
051   0116 20 4B               JR      NZ,PRINTPIERR
052   0118             
053   0118 CD 58 02            CALL    INIFCB
054   011B             
055   011B             ; READ FILENAME
056   011B CD DD 01            CALL    READPARMS
057   011E 38 43               JR      C,PRINTPIERR
058   0120             
059   0120             ; Sync to wait Pi download the file
060   0120             ; Since a network transfer my get delayed, this routine
061   0120             ; will loop waiting RC_SUCCESS until Pi responds
062   0120             ; Loop can be interrupted by ESC
063   0120             
NewClient/src/pcopy.com.asm line 64: Label not found: SENDNEXT
064   0120 3E 00               LD      A,SENDNEXT
NewClient/src/pcopy.com.asm line 65: Label not found: PIEXCHANGEBYTE
065   0122 CD 00 00            CALL    PIEXCHANGEBYTE
NewClient/src/pcopy.com.asm line 66: Label not found: RC_WAIT
066   0125 FE 00               CP      RC_WAIT
067   0127 37                  SCF
068   0128 C0                  RET     NZ
069   0129             WAITLOOP:
070   0129 CD 9B 02            CALL    CHECK_ESC
071   012C 38 35               JR      C,PRINTPIERR
NewClient/src/pcopy.com.asm line 72: Label not found: CHKPIRDY
072   012E CD 00 00            CALL    CHKPIRDY
073   0131 38 F6               JR      C,WAITLOOP
074   0133             ; Loop waiting download on Pi
NewClient/src/pcopy.com.asm line 75: Label not found: SENDNEXT
075   0133 3E 00               LD      A,SENDNEXT
NewClient/src/pcopy.com.asm line 76: Label not found: PIEXCHANGEBYTE
076   0135 CD 00 00            CALL    PIEXCHANGEBYTE
NewClient/src/pcopy.com.asm line 77: Label not found: RC_FAILED
077   0138 FE 00               CP      RC_FAILED
078   013A 28 1E               JR      Z,EXITSTDOUT
NewClient/src/pcopy.com.asm line 79: Label not found: RC_SUCCESS
079   013C FE 00               CP      RC_SUCCESS
080   013E 20 E9               JR      NZ,WAITLOOP
081   0140             
082   0140 CD 7A 01            CALL    PRINTFNAME
083   0143             
084   0143 CD 43 02            CALL    OPENFILEW
085   0146             
086   0146 CD 77 02            CALL    SETFILEFCB
087   0149             
088   0149 CD B3 01            CALL    GETFILE
089   014C 38 15               JR      C,PRINTPIERR
090   014E             
NewClient/src/pcopy.com.asm line 91: Label not found: PRINTNLINE
091   014E CD 00 00            CALL    PRINTNLINE
NewClient/src/pcopy.com.asm line 92: Label not found: PRINTPISTDOUT
092   0151 CD 00 00            CALL    PRINTPISTDOUT
093   0154             
094   0154 CD 92 02            CALL    CLOSEFILE
095   0157             
096   0157 C3 00 00            JP      0
097   015A             
098   015A             EXITSTDOUT:
NewClient/src/pcopy.com.asm line 99: Label not found: PRINTNLINE
099   015A CD 00 00            CALL    PRINTNLINE
NewClient/src/pcopy.com.asm line 100: Label not found: PRINTPISTDOUT
100   015D CD 00 00            CALL    PRINTPISTDOUT
101   0160 C3 00 00            jp      0
102   0163             
103   0163             PRINTPIERR:
104   0163 21 35 03            LD      HL,PICOMMERR
NewClient/src/pcopy.com.asm line 105: Label not found: PRINT
105   0166 CD 00 00            CALL    PRINT
106   0169 C3 00 00            JP      0
107   016C             
108   016C             FILEERR:
NewClient/src/pcopy.com.asm line 109: Label not found: RC_FAILED
109   016C 3E 00               LD      A,RC_FAILED
NewClient/src/pcopy.com.asm line 110: Label not found: PIEXCHANGEBYTE
110   016E CD 00 00            CALL    PIEXCHANGEBYTE
111   0171 21 63 01            LD      HL,PRINTPIERR
NewClient/src/pcopy.com.asm line 112: Label not found: PRINT
112   0174 CD 00 00            CALL    PRINT
113   0177 C3 00 00            JP      0
114   017A             
115   017A             PRINTFNAME:
116   017A 21 28 03            LD      HL,FNTITLE
NewClient/src/pcopy.com.asm line 117: Label not found: PRINT
117   017D CD 00 00            CALL    PRINT
118   0180 21 9C 03            LD      HL,FILEFCB
119   0183 7E                  ld      a,(HL)
120   0184 23                  INC     HL
121   0185 B7                  OR      A
122   0186 28 10               JR      Z,PRINTFNAME2
123   0188 FE 01               CP      1
124   018A 3E 41               LD      A,'A'
125   018C 28 02               JR      Z,PRINTFNAME1
126   018E 3E 42               LD      A,'B'
127   0190             PRINTFNAME1:
NewClient/src/pcopy.com.asm line 128: Label not found: PUTCHAR
128   0190 CD 00 00            CALL    PUTCHAR
129   0193 3E 3A               LD      A,':'
NewClient/src/pcopy.com.asm line 130: Label not found: PUTCHAR
130   0195 CD 00 00            CALL    PUTCHAR
131   0198             PRINTFNAME2:
132   0198 06 08               LD      B,8
133   019A CD AB 01            CALL    PLOOP
134   019D 3E 2E               LD      A,'.'
NewClient/src/pcopy.com.asm line 135: Label not found: PUTCHAR
135   019F CD 00 00            CALL    PUTCHAR
136   01A2 06 03               LD      B,3
137   01A4 CD AB 01            CALL    PLOOP
NewClient/src/pcopy.com.asm line 138: Label not found: PRINTNLINE
138   01A7 CD 00 00            CALL    PRINTNLINE
139   01AA C9                  RET
140   01AB             PLOOP:
141   01AB 7E                  LD      A,(HL)
NewClient/src/pcopy.com.asm line 142: Label not found: PUTCHAR
142   01AC CD 00 00            CALL    PUTCHAR
143   01AF 23                  INC     HL
144   01B0 10 F9               DJNZ    PLOOP
145   01B2 C9                  RET
146   01B3             
147   01B3             ; This routime will read the whole file from Pi
148   01B3             ; it will use blocks size DSKNUMREGISTERS (because disk block is 1)
149   01B3             ; Each block is written to disk after download
150   01B3             GETFILE:
151   01B3             DSKREADBLK:
152   01B3             
153   01B3             ; SEND COMMAND TO TRANSFER NEXT BLOCK
154   01B3 01 05 00            LD      BC,5
155   01B6 11 1B 03            LD      DE,PCOPYCMD
NewClient/src/pcopy.com.asm line 156: Label not found: DOSSENDPICMD
156   01B9 CD 00 00            CALL    DOSSENDPICMD
157   01BC 38 A5               JR      C,PRINTPIERR
158   01BE             
159   01BE             ; BLOCK SIZE TO USE
160   01BE 01 00 20            LD      BC,DSKNUMREGISTERS
161   01C1             
162   01C1             ; Buffer where data is stored during transfer, and also DMA for disk access
163   01C1 11 C4 03            LD      DE,DMA
164   01C4             
165   01C4             ; READ ONE BLOCK OF DATA AND STORE IN THE DMA
166   01C4             
167   01C4             ; A = 1 Tells the download routine to show dots or every 256 bytes transfered
168   01C4             ; The routine rturns C set is there was a communication error
169   01C4 3E 01               LD      A,1
NewClient/src/pcopy.com.asm line 170: Label not found: DOWNLOADDATA
170   01C6 CD 00 00            CALL    DOWNLOADDATA
171   01C9 D8                  RET     C
172   01CA             
173   01CA             ; The routine return A = status code,
174   01CA             ; ENDTRANSFER means the transfer ended.
175   01CA             ; Note that the last block of data was transferd in the previous call,
176   01CA             ; which means tht in this call (the last call) there will never be data to save.
NewClient/src/pcopy.com.asm line 177: Label not found: ENDTRANSFER
177   01CA FE 00               CP      ENDTRANSFER
178   01CC C8                  RET     Z
179   01CD             
180   01CD             ; The routine returned SUCCESS, this means the block of data was transferred,
181   01CD             ; Also means there may be more data, and another call is needed (fater saving this block)
182   01CD             ; If the STATUS code is something else, set flag C and terminate the routine with error
NewClient/src/pcopy.com.asm line 183: Label not found: RC_SUCCESS
183   01CD FE 00               CP      RC_SUCCESS
184   01CF 37                  SCF
185   01D0 C0                  RET     NZ
186   01D1             
187   01D1             ; Set HL with the number of bytes transfered.
188   01D1             ; This is needed because the last block may be smaller than DSKNUMREGISTERS,
189   01D1             ; And this math below will make sure only the actual number of bytes are written to disk.
190   01D1             ; When the DOWNLOADDATA routine ends, DE contain the DMA + number of bytes transfered
191   01D1             ; Also, clearing Carry with "OR A" "is required or the math may be incorrect.
192   01D1 21 C4 03            LD      HL,DMA
193   01D4 EB                  EX      DE,HL
194   01D5 B7                  OR      A
195   01D6 ED 52               SBC     HL,DE
196   01D8 CD 4F 02            CALL    DSKWRITEBLK
197   01DB 18 D6               JR      DSKREADBLK
198   01DD             
199   01DD             READPARMS:
200   01DD             VERDRIVE:
201   01DD             ; READ FILENAME
202   01DD 11 C4 03            LD      DE,DMA
NewClient/src/pcopy.com.asm line 203: Label not found: RECVDATABLOCK
203   01E0 CD 00 00            CALL    RECVDATABLOCK
204   01E3 F5                  PUSH    AF
205   01E4 AF                  XOR     A
206   01E5 12                  LD      (DE),A
207   01E6 F1                  POP     AF
208   01E7 D8                  RET     C
209   01E8 21 C5 03            LD      HL,DMA+1
210   01EB 7E                  LD      A,(HL)
211   01EC 2B                  DEC     HL
212   01ED FE 3A               CP      ":"
213   01EF 28 42               JR      Z,GETDRIVEID
214   01F1 AF                  XOR     A
215   01F2             
216   01F2             ; This function will fill the FCB with a valid filename
217   01F2             ; Longer filenames are truncated yo 8.3 format.
218   01F2             
219   01F2             GET_NAME:
220   01F2             READPARMS0:
221   01F2 11 9C 03            LD      DE,FILEFCB
222   01F5 12                  LD      (DE),A
223   01F6 13                  INC     DE
224   01F7 06 08               LD      B,8
225   01F9             READPARMS1:
226   01F9 7E                  LD      A,(HL)
227   01FA FE 2E               CP      "."
228   01FC 28 26               JR      Z,FILLNAME
229   01FE FE 00               CP      0
230   0200 28 1D               JR      Z,FILLNAMEEXT
231   0202 12                  LD      (DE),A
232   0203 23                  INC     HL
233   0204 13                  INC     DE
234   0205 10 F2               DJNZ    READPARMS1
235   0207             
236   0207             GET_EXT:
237   0207 06 03               LD      B,3
238   0209 7E                  LD      A,(HL)
239   020A 23                  INC     HL
240   020B FE 00               CP      0
241   020D 28 1D               JR      Z,FILLEXT
242   020F FE 2E               CP      "."
243   0211 28 01               JR      Z,READPARMS1B
244   0213 2B                  DEC     HL
245   0214             READPARMS1B:
246   0214 7E                  LD      A,(HL)
247   0215 FE 00               CP      0
248   0217 28 13               JR      Z,FILLEXT
249   0219 12                  LD      (DE),A
250   021A 23                  INC     HL
251   021B 13                  INC     DE
252   021C 10 F6               DJNZ    READPARMS1B
253   021E C9                  RET
254   021F             
255   021F             FILLNAMEEXT:
256   021F 04                  INC     B
257   0220 04                  INC     B
258   0221 04                  INC     B
259   0222 18 08               JR      FILLEXT
260   0224             
261   0224             FILLNAME:
262   0224 3E 20               LD      A,$20
263   0226             FILLNAME0:
264   0226 12                  LD      (DE),A
265   0227 13                  INC     DE
266   0228 10 FC               DJNZ    FILLNAME0
267   022A 18 DB               JR      GET_EXT
268   022C             
269   022C             FILLEXT:
270   022C 3E 20               LD      A,$20
271   022E             FILLEXT0:
272   022E 12                  LD      (DE),A
273   022F 13                  INC     DE
274   0230 10 FC               DJNZ    FILLEXT0
275   0232 C9                  RET
276   0233             
277   0233             GETDRIVEID:
278   0233             READPARMS3:
279   0233 7E                  LD      A,(HL)
280   0234 06 41               LD      B,'A'
281   0236 FE 61               CP      'a'
282   0238 38 02               JR      C,READPARMS4
283   023A 06 61               LD      B,'a'
284   023C             READPARMS4:
285   023C 90                  SUB     B
286   023D C6 01               ADD     1
287   023F 23                  INC     HL
288   0240 23                  INC     HL
289   0241 18 AF               JR      GET_NAME
290   0243             
291   0243             OPENFILEW:
292   0243 11 9C 03            LD      DE,FILEFCB
293   0246 0E 16               LD      C,$16
NewClient/src/pcopy.com.asm line 294: Label not found: BDOS
294   0248 CD 00 00            CALL    BDOS
295   024B B7                  OR      A
296   024C C8                  RET     Z
297   024D             ; Error opening file
298   024D 37                  SCF
299   024E C9                  RET
300   024F             
301   024F             
302   024F             DSKWRITEBLK:
303   024F 11 9C 03            LD      DE,FILEFCB
304   0252 0E 26               LD      C,$26
NewClient/src/pcopy.com.asm line 305: Label not found: BDOS
305   0254 CD 00 00            CALL    BDOS
306   0257 C9                  RET
307   0258             
308   0258             INIFCB:
309   0258 08                  EX      AF,AF'
310   0259 D9                  EXX
311   025A 21 9C 03            LD      HL,FILEFCB
312   025D 36 00               LD      (HL),0
313   025F 11 9D 03            LD      DE,FILEFCB+1
314   0262 01 23 00            LD      BC,$0023
315   0265 ED B0               LDIR
316   0267 21 9D 03            LD      HL,FILEFCB+1
317   026A 36 20               LD      (HL),$20
318   026C 21 9E 03            LD      HL,FILEFCB+2
319   026F 01 0A 00            LD      BC,$000A
320   0272 ED B0               LDIR
321   0274 D9                  EXX
322   0275 08                  EX AF,AF'
323   0276 C9                  RET
324   0277             
325   0277             SETFILEFCB:
326   0277 11 C4 03            LD      DE,DMA
327   027A 0E 1A               LD      C,$1A
NewClient/src/pcopy.com.asm line 328: Label not found: BDOS
328   027C CD 00 00            CALL    BDOS
329   027F 21 01 00            LD      HL,DSKBLOCKSIZE
330   0282 22 AA 03            LD      (FILEFCB+$0E),HL
331   0285 21 00 00            LD      HL,0
332   0288 22 BC 03            LD      (FILEFCB+$20),HL
333   028B 22 BE 03            LD      (FILEFCB+$22),HL
334   028E 22 C0 03            LD      (FILEFCB+$24),HL
335   0291 C9                  RET
336   0292             
337   0292             CLOSEFILE:
338   0292 11 9C 03            LD      DE,FILEFCB
339   0295 0E 10               LD      C,$10
NewClient/src/pcopy.com.asm line 340: Label not found: BDOS
340   0297 CD 00 00            CALL    BDOS
341   029A C9                  RET
342   029B             
343   029B             CHECK_ESC:
344   029B 06 07       	ld	b,7
345   029D DB AA       	in	a,(0AAh)
346   029F E6 F0       	and	11110000b
347   02A1 B0          	or	b
348   02A2 D3 AA       	out	(0AAh),a
349   02A4 DB A9       	in	a,(0A9h)	
350   02A6 CB 57       	bit	2,a
351   02A8 20 01       	jr	nz,CHECK_ESC_END
352   02AA 37          	scf
353   02AB             CHECK_ESC_END:
354   02AB C9          	ret
355   02AC             
356   02AC             BUFSEND:
357   02AC             ; Send BC blocks of size DE in buffer HL
358   02AC             ; All registers are mnodified.
359   02AC             ; The number of blocks, and block size is sent first
360   02AC             ; Inputs:
361   02AC             ;   bc = number of blocks
362   02AC             ;   de = block size
363   02AC             ;   hl = buffer address
364   02AC             ;   A = 1 to show dots
365   02AC             ; Outputs:
366   02AC             ; Carry Flg: set for any error detected
367   02AC             ; A = error code:
368   02AC             ;     RC_SUCCESS
369   02AC             ;     RC_CRCERROR
370   02AC             ;     RC_CONNERR
371   02AC F5                  push    af
372   02AD B7                  or      a
373   02AE 28 05               jr      z,BUFSEND0
374   02B0 3E 2E               ld      a,'.'
NewClient/src/pcopy.com.asm line 375: Label not found: PUTCHAR
375   02B2 CD 00 00            call    PUTCHAR
376   02B5             BUFSEND0:
377   02B5             ; Transfer 1 block (stored in DE)
378   02B5 D9                  exx
379   02B6 CD CD 02            call    BLOCKSEND
380   02B9 D9                  exx
381   02BA 38 09               jr      c,BUFERR
382   02BC 0B                  dec     bc
383   02BD 78                  ld      a,b
384   02BE B1                  or      c
385   02BF             ; If zero, transfer is completed and jump to END
386   02BF 28 07               jr      z,BUFSNDEND
387   02C1             ; DE is updated to next block of data
388   02C1             ; (previous value + block size)
389   02C1 19                  add     hl,de
390   02C2             ; restore dots flag
391   02C2 F1                  pop     af
392   02C3 18 E7               jr      BUFSEND
393   02C5             BUFERR:
394   02C5 C1                  pop     bc
395   02C6 37                  scf
396   02C7 C9                  ret
397   02C8             BUFSNDEND:
398   02C8 F1                  pop     af
NewClient/src/pcopy.com.asm line 399: Label not found: RC_SUCCESS
399   02C9 3E 00               ld      a,RC_SUCCESS
400   02CB B7                  or      a
401   02CC C9                  ret
402   02CD             
403   02CD             BLOCKSEND:
404   02CD             ;-------------------------------------------------------
405   02CD             ; Send DE bytes from buffer in HL
406   02CD             ; Check CRC and retry the number of GLOBARETRIES
407   02CD             ;     (retries is specified by RPi)
408   02CD             ; The number of bytes to transfer is sent first to RPi
409   02CD             ; Inputs:
410   02CD             ;   de = number of bytes to send
411   02CD             ;   hl = buffer address
412   02CD             ;   A = 1 to show dots for every Retry
413   02CD             ; Outputs:
414   02CD             ; Carry Flg: set for any error detected
415   02CD             ; A = error code:
416   02CD             ;     RC_SUCCESS
417   02CD             ;     RC_CRCERROR
418   02CD             ;     RC_CONNERR
419   02CD             ;
420   02CD             ; AF,DE,HL are modified.
421   02CD             ;-------------------------------------------------------
422   02CD             ; Start syncing with RPi
NewClient/src/pcopy.com.asm line 423: Label not found: STARTSENDER
423   02CD 3E 00               ld      a,STARTSENDER
NewClient/src/pcopy.com.asm line 424: Label not found: PIEXCHANGEBYTE
424   02CF CD 00 00            call    PIEXCHANGEBYTE
425   02D2             ; If there was a communication error, stop routine
426   02D2 38 3F               jr      c,BLKSNDERR2
NewClient/src/pcopy.com.asm line 427: Label not found: STARTTRANSFER
427   02D4 FE 00               cp      STARTTRANSFER
428   02D6 20 3B               jr      nz,BLKSNDERR2
429   02D8             ; Get number of retries
NewClient/src/pcopy.com.asm line 430: Label not found: PIEXCHANGEBYTE
430   02D8 CD 00 00            call    PIEXCHANGEBYTE
NewClient/src/pcopy.com.asm line 431: Label not found: MAXRETRIES
431   02DB FE 01               cp      MAXRETRIES+1
432   02DD 30 34               jr      nc,BLKSNDERR2
433   02DF DD 6F               ld      ixl,a
434   02E1             ; Send size of buffer
435   02E1 7B                  ld      a,e
NewClient/src/pcopy.com.asm line 436: Label not found: PIWRITEBYTE
436   02E2 CD 00 00            call    PIWRITEBYTE
437   02E5 7A                  ld      a,d
NewClient/src/pcopy.com.asm line 438: Label not found: PIWRITEBYTE
438   02E6 CD 00 00            call    PIWRITEBYTE
439   02E9             ; All set, will start data transfer
440   02E9             ; Save BC
441   02E9 C5                  push    bc
442   02EA             ; Transfer the number of bytes stored in DE
443   02EA             BLKTRPSAV:
444   02EA D5                  push    de
445   02EB E5                  push    hl
446   02EC 0E 00               ld      c,0     ;c=crc
447   02EE             BLKSNDLOOP:
448   02EE 7E                  ld      a,(hl)
449   02EF 47                  ld      b,a
450   02F0             ; Calc CRC
451   02F0 A9                  xor     c
452   02F1 4F                  ld      c,a
453   02F2 78                  ld      a,b
NewClient/src/pcopy.com.asm line 454: Label not found: PIWRITEBYTE
454   02F3 CD 00 00            call    PIWRITEBYTE
455   02F6 38 18               jr      c,BLKSNDERR1
456   02F8 23                  inc     hl
457   02F9 1B                  dec     de
458   02FA 7A                  ld      a,d
459   02FB B3                  or      e
460   02FC 20 F0               jr      nz,BLKSNDLOOP
461   02FE             ; finished transf. Check CRC
462   02FE 79                  ld      a,c
NewClient/src/pcopy.com.asm line 463: Label not found: PIEXCHANGEBYTE
463   02FF CD 00 00            call    PIEXCHANGEBYTE
464   0302             ; If CRC does not match, jump to crcerror routine
465   0302 E1                  pop     hl
466   0303 D1                  pop     de
467   0304 B9                  cp      c
468   0305 28 10               jr      z,BLKSNDEND
469   0307 DD 2D               dec     ixl
470   0309 20 DF               jr      nz,BLKTRPSAV
471   030B C1                  pop     bc
NewClient/src/pcopy.com.asm line 472: Label not found: RC_CRCERROR
472   030C 3E 00               ld      a,RC_CRCERROR
473   030E 37                  scf
474   030F C9                  ret
475   0310             BLKSNDERR1:
476   0310 E1                  pop     hl
477   0311 D1                  pop     de
478   0312 C1                  pop     bc
479   0313             BLKSNDERR2:
NewClient/src/pcopy.com.asm line 480: Label not found: RC_CONNERR
480   0313 3E 00               ld      a,RC_CONNERR
481   0315 37                  scf
482   0316 C9                  ret
483   0317             BLKSNDEND:
484   0317 C1                  pop     bc
NewClient/src/pcopy.com.asm line 485: Label not found: RC_SUCCESS
485   0318 3E 00               ld      a,RC_SUCCESS
486   031A C9                  ret
487   031B             
488   031B 50434F5059  PCOPYCMD:   DB      "PCOPY"
489   0320             LOADROMCMD: DB      "PLOADROM"
489   0320 504C4F4144524F4D
490   0328             FNTITLE:    DB      "Saving file:$"
490   0328 536176696E672066696C653A24
491   0335             PICOMMERR:  DB      "Communication Error",13,10,"$"
491   0335 436F6D6D756E69636174696F6E204572726F720D0A24
492   034B             LOADPROGERRMSG: DB  "Error download file from network",13,10,10
492   034B 4572726F7220646F776E6C6F61642066696C652066726F6D206E6574776F726B
492   036B 0D0A0A
493   036E             FOPENERR:   DB      "Error opening file",13,10,"$"
493   036E 4572726F72206F70656E696E672066696C650D0A24
494   0383             PARMSERR:   DB      "Invalid parameters",13,10,"$"
494   0383 496E76616C696420706172616D65746572730D0A24
495   0398 00          RUNOPTION:  db  0
496   0399 00          SAVEOPTION: db  0
497   039A 00 00       REGINDEX:   dw  0
498   039C 00          FILEFCB:    ds     40
NewClient/src/pcopy.com.asm line 499: Unrecognized instruction: debug.asm
499   03C4             INCLUDE debug.asm
NewClient/src/pcopy.com.asm line 500: Unrecognized instruction: "include.asm"
NewClient/src/pcopy.com.asm line 500: Unexpected: "include.asm"
500   03C4             INCLUDE "include.asm"
NewClient/src/pcopy.com.asm line 501: Unrecognized instruction: "msxpi_bios.asm"
NewClient/src/pcopy.com.asm line 501: Unexpected: "msxpi_bios.asm"
501   03C4             INCLUDE "msxpi_bios.asm"
NewClient/src/pcopy.com.asm line 502: Unrecognized instruction: "msxpi_io.asm"
NewClient/src/pcopy.com.asm line 502: Unexpected: "msxpi_io.asm"
502   03C4             INCLUDE "msxpi_io.asm"
NewClient/src/pcopy.com.asm line 503: Unrecognized instruction: "msxdos_stdio.asm"
NewClient/src/pcopy.com.asm line 503: Unexpected: "msxdos_stdio.asm"
503   03C4             INCLUDE "msxdos_stdio.asm"
504   03C4             
505   03C4             DMA:     EQU    $
